// Jest Snapshot v1, https://goo.gl/fbAQLP

exports[`RewardsCatalogue renders properly 1`] = `
<div class="rewards-catalogue">
  <div class="wallet-desktop">
    <div class="wallet-swiper">
      <div class="wallet-swiper-item"><img></div>
      <div class="description bg">
        <div class="name">Reward1</div>
        <div class="">
          <div class="expiry"><span></span> <span>Coins</span></div>
          <div class="btn-area">
            <!---->
          </div>
        </div>
      </div>
    </div>
    <div class="wallet-swiper">
      <div class="wallet-swiper-item"><img></div>
      <div class="description bg">
        <div class="name">Reward2</div>
        <div class="">
          <div class="expiry"><span></span> <span>Coins</span></div>
          <div class="btn-area">
            <!---->
          </div>
        </div>
      </div>
    </div>
  </div>
</div>
`;
