// Jest Snapshot v1, https://goo.gl/fbAQLP

exports[`WalletSliderHeader renders properly 1`] = `
<div class="slider-header">
  <div class="title"></div>
</div>
`;
