// Jest Snapshot v1, https://goo.gl/fbAQLP

exports[`Congrats renders properly 1`] = `<div></div>`;
