// Jest Snapshot v1, https://goo.gl/fbAQLP

exports[`account renders properly 1`] = `
<div id="main" class="account">
  <div>
    <div class="wrapper">
      <div class="container">
        <div class="account-detail">
          <h3> accounts</h3>
          <div class="registration-body">
            <div class="details">
              <div class="input-container">
                <div class="v-input v-input--is-label-active v-input--is-dirty v-input--is-disabled theme--light v-text-field">
                  <div class="v-input__control">
                    <div class="v-input__slot">
                      <div class="v-text-field__slot"><input disabled="disabled" id="input-31" type="text"></div>
                    </div>
                    <div class="v-text-field__details">
                      <div class="v-messages theme--light">
                        <transition-group-stub tag="div" name="message-transition" class="v-messages__wrapper"></transition-group-stub>
                      </div>
                    </div>
                  </div>
                </div>
                <div class="v-input v-input--is-label-active v-input--is-dirty v-input--is-disabled theme--light v-text-field">
                  <div class="v-input__control">
                    <div class="v-input__slot">
                      <div class="v-text-field__slot"><input disabled="disabled" id="input-34" type="text"></div>
                    </div>
                    <div class="v-text-field__details">
                      <div class="v-messages theme--light">
                        <transition-group-stub tag="div" name="message-transition" class="v-messages__wrapper"></transition-group-stub>
                      </div>
                    </div>
                  </div>
                </div>
              </div>
            </div>
            <div class="profile-icon"><img src="tes"></div>
          </div>
        </div>
      </div>
    </div>
  </div>
</div>
`;
