// Jest Snapshot v1, https://goo.gl/fbAQLP

exports[`coins renders properly 1`] = `
<div id="main" class="coins">
  <div class="wrapper">
    <div class="container">
      <div class="coin-detail">
        <h3> Enter Code </h3>
        <div class="input-container">
          <div id="inspire">
            <div class="v-input theme--light v-text-field">
              <div class="v-input__control">
                <div class="v-input__slot">
                  <div class="v-text-field__slot"><input id="input-64" type="text"></div>
                </div>
                <div class="v-text-field__details">
                  <div class="v-messages theme--light">
                    <transition-group-stub tag="div" name="message-transition" class="v-messages__wrapper"></transition-group-stub>
                  </div>
                </div>
              </div>
            </div>
            <div class="v-input theme--light v-text-field">
              <div class="v-input__control">
                <div class="v-input__slot">
                  <div class="v-text-field__slot"><input id="input-67" type="text"></div>
                </div>
                <div class="v-text-field__details">
                  <div class="v-messages theme--light">
                    <transition-group-stub tag="div" name="message-transition" class="v-messages__wrapper"></transition-group-stub>
                  </div>
                </div>
              </div>
            </div>
            <div class="v-input theme--light v-text-field">
              <div class="v-input__control">
                <div class="v-input__slot">
                  <div class="v-text-field__slot"><input id="input-70" type="text"></div>
                </div>
                <div class="v-text-field__details">
                  <div class="v-messages theme--light">
                    <transition-group-stub tag="div" name="message-transition" class="v-messages__wrapper"></transition-group-stub>
                  </div>
                </div>
              </div>
            </div>
            <div class="v-input theme--light v-text-field">
              <div class="v-input__control">
                <div class="v-input__slot">
                  <div class="v-text-field__slot"><input id="input-73" type="text"></div>
                </div>
                <div class="v-text-field__details">
                  <div class="v-messages theme--light">
                    <transition-group-stub tag="div" name="message-transition" class="v-messages__wrapper"></transition-group-stub>
                  </div>
                </div>
              </div>
            </div>
            <div class="v-input theme--light v-text-field">
              <div class="v-input__control">
                <div class="v-input__slot">
                  <div class="v-text-field__slot"><input id="input-76" type="text"></div>
                </div>
                <div class="v-text-field__details">
                  <div class="v-messages theme--light">
                    <transition-group-stub tag="div" name="message-transition" class="v-messages__wrapper"></transition-group-stub>
                  </div>
                </div>
              </div>
            </div>
            <div class="v-input theme--light v-text-field">
              <div class="v-input__control">
                <div class="v-input__slot">
                  <div class="v-text-field__slot"><input id="input-79" type="text"></div>
                </div>
                <div class="v-text-field__details">
                  <div class="v-messages theme--light">
                    <transition-group-stub tag="div" name="message-transition" class="v-messages__wrapper"></transition-group-stub>
                  </div>
                </div>
              </div>
            </div>
            <div class="v-input theme--light v-text-field">
              <div class="v-input__control">
                <div class="v-input__slot">
                  <div class="v-text-field__slot"><input id="input-82" type="text"></div>
                </div>
                <div class="v-text-field__details">
                  <div class="v-messages theme--light">
                    <transition-group-stub tag="div" name="message-transition" class="v-messages__wrapper"></transition-group-stub>
                  </div>
                </div>
              </div>
            </div>
            <div class="v-input theme--light v-text-field">
              <div class="v-input__control">
                <div class="v-input__slot">
                  <div class="v-text-field__slot"><input id="input-85" type="text"></div>
                </div>
                <div class="v-text-field__details">
                  <div class="v-messages theme--light">
                    <transition-group-stub tag="div" name="message-transition" class="v-messages__wrapper"></transition-group-stub>
                  </div>
                </div>
              </div>
            </div>
          </div>
        </div>
        <div class="button-container"><a class="button">Collect</a></div>
      </div>
    </div>
  </div>
</div>
`;
