// Jest Snapshot v1, https://goo.gl/fbAQLP

exports[`congratulations renders properly 1`] = `
<div class="congratulations">
  <div class="wrapper">
    <div class="container">
      <div></div>
    </div>
  </div>
</div>
`;
