// Jest Snapshot v1, https://goo.gl/fbAQLP

exports[`settoken renders properly 1`] = `<div></div>`;
